# Preference setting overrides
gui_set_pref_value -category {Globals} -key {drop_limit} -value {10000}
gui_create_pref_key -category {Globals} -key {load_detail_for_funcov} -value_type {bool} -value {false}
gui_set_pref_value -category {Globals} -key {max_array_size} -value {20000}
gui_create_pref_category -category {dlg_settings}
gui_create_pref_key -category {dlg_settings} -key {tableWithImmediatePopup} -value_type {bool} -value {true}
gui_create_pref_category -category {schem_obj_name}
gui_create_pref_key -category {schem_obj_name} -key {show_cell_and_pin_with_symbol_name} -value_type {bool} -value {false}
gui_create_pref_key -category {schem_pin_hc} -key {textExtFont} -value_type {string} -value {Helvetica,10,-1,5,50,0,0,0,0,0}

# State setting overrides
gui_state_default_create -off -ini
gui_set_state_value -category Globals -key recent_cov_databases -value /mnt/vol_NFS_Zener/WD_ESPEC/rgarcia/INTERCONEXIONES/BACKUP/FG_KIT/simv.vdb
gui_set_state_value -category Globals -key recent_sessions -value {{gui_load_session -ignore_errors -file /mnt/vol_NFS_Zener/WD_ESPEC/rgarcia/GIT/ABC/TEC_RISCV/TOP/basic_post_sin.tcl} {gui_load_session -ignore_errors -file /mnt/vol_NFS_Zener/WD_ESPEC/rgarcia/GIT/TEC_RISCV/TOP/basic_post_sin_pads.tcl} {gui_load_session -ignore_errors -file /mnt/vol_NFS_Zener/WD_ESPEC/rgarcia/GIT/TEC_RISCV/TOP/basic_post_sin.tcl -ignore_errors} {gui_load_session -ignore_errors -file /mnt/vol_NFS_Zener/WD_ESPEC/rgarcia/GIT/TEC_RISCV/TOP/basic_post_sin.tcl} {gui_load_session -ignore_errors -file /mnt/vol_NFS_Zener/WD_ESPEC/rgarcia/GIT/TEC_RISCV/TOP/spi_trans.tcl}}
gui_set_state_value -category Globals -key recent_tcl_scripts -value {{gui_dve_source -global /mnt/vol_NFS_Zener/WD_ESPEC/rgarcia/GIT/ABC/TEC_RISCV/TOP/basic_post_sin.tcl} {gui_dve_source -global /mnt/vol_NFS_Zener/WD_ESPEC/rgarcia/GIT/TEC_RISCV/TOP/basic_post_sin_pads.tcl} {gui_dve_source -global /mnt/vol_NFS_Zener/WD_ESPEC/rgarcia/GIT/TEC_RISCV/TOP/basic_post_sin.tcl} {gui_dve_source -global /mnt/vol_NFS_Zener/WD_ESPEC/rgarcia/GIT/TEC_RISCV/TOP/spi_trans.tcl} {gui_dve_source -global /mnt/vol_NFS_Zener/WD_ESPEC/rgarcia/GIT/master/TOP/csrs.tcl}}
gui_set_state_value -category Layout -key child_console_size_x -value 1877
gui_set_state_value -category Layout -key child_console_size_y -value 167
gui_set_state_value -category Layout -key child_data_coltype -value 100
gui_set_state_value -category Layout -key child_data_colvalue -value 45
gui_set_state_value -category Layout -key child_data_colvariable -value 279
gui_set_state_value -category Layout -key child_data_size_x -value 431
gui_set_state_value -category Layout -key child_data_size_y -value 695
gui_set_state_value -category Layout -key child_driver_size_x -value 1467
gui_set_state_value -category Layout -key child_driver_size_y -value 179
gui_set_state_value -category Layout -key child_hier_col3 -value {-1}
gui_set_state_value -category Layout -key child_hier_colhier -value 398
gui_set_state_value -category Layout -key child_hier_colpd -value 0
gui_set_state_value -category Layout -key child_hier_coltype -value 110
gui_set_state_value -category Layout -key child_hier_size_x -value 510
gui_set_state_value -category Layout -key child_hier_size_y -value 695
gui_set_state_value -category Layout -key child_memory_docknewline -value false
gui_set_state_value -category Layout -key child_memory_pos_x -value {-2}
gui_set_state_value -category Layout -key child_memory_pos_y -value {-15}
gui_set_state_value -category Layout -key child_memory_size_x -value 1320
gui_set_state_value -category Layout -key child_memory_size_y -value 720
gui_set_state_value -category Layout -key child_schematic_docknewline -value false
gui_set_state_value -category Layout -key child_schematic_pos_x -value {-2}
gui_set_state_value -category Layout -key child_schematic_pos_y -value {-15}
gui_set_state_value -category Layout -key child_schematic_size_x -value 937
gui_set_state_value -category Layout -key child_schematic_size_y -value 690
gui_set_state_value -category Layout -key child_source_docknewline -value false
gui_set_state_value -category Layout -key child_source_pos_x -value {-2}
gui_set_state_value -category Layout -key child_source_pos_y -value {-15}
gui_set_state_value -category Layout -key child_source_size_x -value 939
gui_set_state_value -category Layout -key child_source_size_y -value 690
gui_set_state_value -category Layout -key child_wave_colname -value 262
gui_set_state_value -category Layout -key child_wave_colvalue -value 262
gui_set_state_value -category Layout -key child_wave_left -value 529
gui_set_state_value -category Layout -key child_wave_right -value 1290
gui_set_state_value -category Layout -key cov_main_pos_x -value 170
gui_set_state_value -category Layout -key cov_main_pos_y -value 78
gui_set_state_value -category Layout -key cov_main_size_x -value 860
gui_set_state_value -category Layout -key cov_main_size_y -value 569
gui_set_state_value -category Layout -key main_pos_x -value 4
gui_set_state_value -category Layout -key main_pos_y -value 89
gui_set_state_value -category Layout -key main_size_x -value 1881
gui_set_state_value -category Layout -key main_size_y -value 1050
gui_set_state_value -category Layout -key stand_source_child_pos_x -value {-2}
gui_set_state_value -category Layout -key stand_source_child_pos_y -value {-15}
gui_set_state_value -category Layout -key stand_source_child_size_x -value 960
gui_set_state_value -category Layout -key stand_source_child_size_y -value 698
gui_set_state_value -category Layout -key stand_wave_child_docknewline -value false
gui_set_state_value -category Layout -key stand_wave_child_pos_x -value {-2}
gui_set_state_value -category Layout -key stand_wave_child_pos_y -value {-15}
gui_set_state_value -category Layout -key stand_wave_child_size_x -value 1829
gui_set_state_value -category Layout -key stand_wave_child_size_y -value 860
gui_set_state_value -category Layout -key stand_wave_top_pos_x -value 20
gui_set_state_value -category Layout -key stand_wave_top_pos_y -value 86
gui_set_state_value -category Layout -key stand_wave_top_size_x -value 1844
gui_set_state_value -category Layout -key stand_wave_top_size_y -value 1050
gui_set_state_value -category SaveSession -key single_view_name -value Wave.1
gui_set_state_value -category SaveSession -key toplevel_window_name -value TopLevel.2
gui_create_state_key -category FindDialog -key m_pMatchCase -value_type bool -value false
gui_create_state_key -category FindDialog -key m_pMatchWord -value_type bool -value false
gui_create_state_key -category FindDialog -key m_pUseCombo -value_type string -value {}
gui_create_state_key -category FindDialog -key m_pWrapAround -value_type bool -value true
gui_create_state_key -category Widget_History -key Find|m_pFindFrame|m_pFindCombo -value_type string -value {pndng_uart clk ld_pc rst cond_sel}
gui_create_state_key -category Widget_History -key TopLevel.1|qt_top_dock|&Edit|FindCombo -value_type string -value {pndng_uart clk ld_pc rst cond_sel}
gui_create_state_key -category Widget_History -key TopLevel.2|qt_top_dock|&Edit|FindCombo -value_type string -value {pndng_uart ld_pc rst}
gui_create_state_key -category Widget_History -key {dlgSimSetup|m_setupTab|tab pages|SimTab|m_VPDCombo} -value_type string -value inter.vpd
gui_create_state_key -category Widget_History -key {dlgSimSetup|m_setupTab|tab pages|SimTab|m_argsCombo} -value_type string -value {{-ucligui }}
gui_create_state_key -category Widget_History -key {dlgSimSetup|m_setupTab|tab pages|SimTab|m_curDirCombo} -value_type string -value {/mnt/vol_NFS_Zener/WD_ESPEC/rgarcia/GIT/TEC_RISCV/TOP /mnt/vol_NFS_Zener/WD_ESPEC/rgarcia/GIT/REFRESH/TEC_RISCV/BUS/Test_Router /mnt/vol_NFS_Zener/WD_ESPEC/rgarcia/GIT/OLD/TEC_RISCV/BUS/Test_Router /mnt/vol_NFS_Zener/WD_ESPEC/rgarcia/GIT/ABC/TEC_RISCV/TOP /mnt/vol_NFS_Zener/WD_ESPEC/rgarcia/GIT/master/TOP}
gui_create_state_key -category Widget_History -key {dlgSimSetup|m_setupTab|tab pages|SimTab|m_exeCombo} -value_type string -value {/mnt/vol_NFS_Zener/WD_ESPEC/rgarcia/GIT/TEC_RISCV/TOP/simv ./simv /mnt/vol_NFS_Zener/WD_ESPEC/rgarcia/GIT/OLD/TEC_RISCV/BUS/Test_Router/simv /mnt/vol_NFS_Zener/WD_ESPEC/rgarcia/GIT/ABC/TEC_RISCV/TOP/simv /mnt/vol_NFS_Zener/WD_ESPEC/rgarcia/GIT/master/TOP/simv}
gui_state_default_create -off

# Begin command logging
gui_set_pref_value -category {Globals} -key {smart_resize} -value {false}
gui_set_pref_value -category {Globals} -key {smart_resize} -value {true}
gui_sim_run Ucli -exe ./simv -args {-ucligui  } -dir .
gui_list_expand -id  Hier.1   Test_Top
gui_list_expand -id  Hier.1   Test_Top.uut
gui_list_expand -id  Hier.1   Test_Top.uut.top_riscv_soc
gui_list_select -id Hier.1 -current_item_name Test_Top.uut.top_riscv_soc.TOP -current_item_type Scope  -selected  { Test_Top.uut.top_riscv_soc.TOP   }
gui_list_expand -id  Hier.1   Test_Top.uut.top_riscv_soc.TOP
gui_list_select -id Hier.1 -current_item_name Test_Top.uut.top_riscv_soc.TOP.Bus -current_item_type Scope  -selected  { Test_Top.uut.top_riscv_soc.TOP.Bus   }
gui_list_select -id Data.1 -selected  { Test_Top.uut.top_riscv_soc.TOP.Bus.clk   }
gui_list_select -id Data.1 { Test_Top.uut.top_riscv_soc.TOP.Bus.reset  Test_Top.uut.top_riscv_soc.TOP.Bus.pndng_mbc  Test_Top.uut.top_riscv_soc.TOP.Bus.pndng_spi  Test_Top.uut.top_riscv_soc.TOP.Bus.pndng_uart  Test_Top.uut.top_riscv_soc.TOP.Bus.push_mbc  Test_Top.uut.top_riscv_soc.TOP.Bus.push_spi  Test_Top.uut.top_riscv_soc.TOP.Bus.push_uart  Test_Top.uut.top_riscv_soc.TOP.Bus.pop_mbc  Test_Top.uut.top_riscv_soc.TOP.Bus.pop_spi  Test_Top.uut.top_riscv_soc.TOP.Bus.pop_uart  {Test_Top.uut.top_riscv_soc.TOP.Bus.D_pop_mbc[64:0]}  {Test_Top.uut.top_riscv_soc.TOP.Bus.D_pop_spi[64:0]}  {Test_Top.uut.top_riscv_soc.TOP.Bus.D_pop_uart[64:0]}  {Test_Top.uut.top_riscv_soc.TOP.Bus.D_push_mbc[64:0]}  {Test_Top.uut.top_riscv_soc.TOP.Bus.D_push_spi[64:0]}  {Test_Top.uut.top_riscv_soc.TOP.Bus.D_push_uart[64:0]}   }
gui_open_window Wave
gui_list_add -id Wave.1 -from Data.1 { Test_Top.uut.top_riscv_soc.TOP.Bus.clk Test_Top.uut.top_riscv_soc.TOP.Bus.reset Test_Top.uut.top_riscv_soc.TOP.Bus.pndng_mbc Test_Top.uut.top_riscv_soc.TOP.Bus.pndng_spi Test_Top.uut.top_riscv_soc.TOP.Bus.pndng_uart Test_Top.uut.top_riscv_soc.TOP.Bus.push_mbc Test_Top.uut.top_riscv_soc.TOP.Bus.push_spi Test_Top.uut.top_riscv_soc.TOP.Bus.push_uart Test_Top.uut.top_riscv_soc.TOP.Bus.pop_mbc Test_Top.uut.top_riscv_soc.TOP.Bus.pop_spi Test_Top.uut.top_riscv_soc.TOP.Bus.pop_uart {Test_Top.uut.top_riscv_soc.TOP.Bus.D_pop_mbc[64:0]} {Test_Top.uut.top_riscv_soc.TOP.Bus.D_pop_spi[64:0]} {Test_Top.uut.top_riscv_soc.TOP.Bus.D_pop_uart[64:0]} {Test_Top.uut.top_riscv_soc.TOP.Bus.D_push_mbc[64:0]} {Test_Top.uut.top_riscv_soc.TOP.Bus.D_push_spi[64:0]} {Test_Top.uut.top_riscv_soc.TOP.Bus.D_push_uart[64:0]} } -insertionbar
gui_sim_continue 400000 
gui_zoom -window Wave.1 -full
gui_set_time_units 1ns
gui_sim_continue 400000 
gui_zoom -window Wave.1 -full
gui_wv_zoom_timerange -id  Wave.1 340964.54 365478.33
gui_sim_continue 400000 
gui_sim_continue 400000 
gui_wv_scroll_hslidermove -id  Wave.1 1882
gui_close_window -window TopLevel.2
