**************************************************************
* Voltage Drop Report file

* Units:
*   Length Unit         : um
*   Length Scale        : 0.001
*   Voltage Unit        : mV
*
* Cell Name : RegisterFile6
* Net Name   : VDD
* Number of Resistors: 320
* Threshold V: (min, max)=(0.148951 33.469189)
* Format: [left bottom right top] on Layer is voltage
*
[517120 3750 520120 5750] on METTPL is 226.055e-3
[517120 5750 520120 85300] on METTPL is 9.211
[517120 3750 520120 7750] on VIATPL is 231.418e-3
[518620 3750 591420 7750] on METTP is 231.418e-3
[445820 3750 518620 7750] on METTP is 254.929e-3
[373020 3750 445820 7750] on METTP is 267.026e-3
[444320 3750 447320 7750] on VIATPL is 260.023e-3
[444320 3750 447320 5750] on METTPL is 260.023e-3
[444320 5750 447320 85300] on METTPL is 10.608
[444320 85300 447320 158100] on METTPL is 17.902
[444320 84300 447320 86300] on VIATPL is 16.728
[445820 84300 518620 86300] on METTP is 16.728
[373020 84300 445820 86300] on METTP is 17.513
[305820 84300 373020 86300] on METTP is 17.513
[371520 84300 374520 86300] on VIATPL is 17.513
[371520 5750 374520 85300] on METTPL is 11.124
[371520 85300 374520 158100] on METTPL is 18.781
[371520 158100 374520 230900] on METTPL is 23.861
[371520 157100 374520 159100] on VIATPL is 26.028
[373020 157100 445820 159100] on METTP is 26.028
[305820 157100 373020 159100] on METTP is 26.028
[233020 157100 305820 159100] on METTP is 25.999
[304320 157100 307320 159100] on VIATPL is 25.999
[304320 85300 307320 158100] on METTPL is 18.751
[304320 158100 307320 230900] on METTPL is 23.82
[304320 230900 307320 303700] on METTPL is 26.383
[304320 229900 307320 231900] on VIATPL is 30.865
[305820 229900 373020 231900] on METTP is 30.915
[233020 229900 305820 231900] on METTP is 30.865
[160220 229900 233020 231900] on METTP is 29.187
[231520 229900 234520 231900] on VIATPL is 29.187
[231520 158100 234520 230900] on METTPL is 22.564
[231520 230900 234520 303700] on METTPL is 24.975
[231520 303700 234520 376500] on METTPL is 25.05
[231520 302700 234520 304700] on VIATPL is 31.54
[233020 302700 305820 304700] on METTP is 33.409
[160220 302700 233020 304700] on METTP is 31.54
[87420 302700 160220 304700] on METTP is 26.725
[158720 302700 161720 304700] on VIATPL is 26.725
[158720 230900 161720 303700] on METTPL is 21.253
[158720 303700 161720 376500] on METTPL is 21.315
[158720 376500 161720 449300] on METTPL is 21.315
[158720 375500 161720 377500] on VIATPL is 26.785
[160220 375500 233020 377500] on METTP is 31.619
[87420 375500 160220 377500] on METTP is 26.785
[6750 375500 87420 377500] on METTP is 17.495
[85920 375500 88920 377500] on VIATPL is 17.495
[85920 303700 88920 376500] on METTPL is 13.975
[85920 376500 88920 449300] on METTPL is 13.975
[85920 449300 88920 523220] on METTPL is 12.759
[85920 448300 88920 450300] on VIATPL is 16.471
[87420 448300 160220 450300] on METTP is 25.171
[6750 448300 87420 450300] on METTP is 16.471
[3750 448300 6750 450300] on METTP is 582.493e-3
[3750 448300 9750 450300] on VIATPL is 582.493e-3
[3750 376500 9750 449300] on METTPL is 555.07e-3
[3750 449300 9750 523220] on METTPL is 530.659e-3
[3750 523220 9750 596020] on METTPL is 484.367e-3
[3750 522220 9750 524220] on VIATPL is 505.074e-3
[6750 522220 87420 524220] on METTP is 14.176
[3750 522220 6750 524220] on METTP is 505.074e-3
[87420 522220 160220 524220] on METTP is 21.453
[85920 522220 88920 524220] on VIATPL is 14.176
[85920 523220 88920 596020] on METTPL is 10.184
[85920 596020 88920 678730] on METTPL is 6.227
[85920 595020 88920 597020] on VIATPL is 10.144
[87420 595020 160220 597020] on METTP is 15.005
[6750 595020 87420 597020] on METTP is 10.144
[3750 595020 6750 597020] on METTP is 372.694e-3
[3750 595020 9750 597020] on VIATPL is 430.316e-3
[3750 596020 9750 678730] on METTPL is 430.316e-3
[3750 678730 9750 680730] on METTPL is 395.657e-3
[3750 676730 9750 680730] on VIATPL is 395.657e-3
[6750 676730 87420 680730] on METTP is 370.771e-3
[3750 676730 6750 680730] on METTP is 370.771e-3
[87420 676730 160220 680730] on METTP is 227.764e-3
[85920 676730 88920 680730] on VIATPL is 216.289e-3
[85920 678730 88920 680730] on METTPL is 148.951e-3
[160220 676730 233020 680730] on METTP is 252.851e-3
[158720 676730 161720 680730] on VIATPL is 227.764e-3
[158720 596020 161720 678730] on METTPL is 9.382
[158720 678730 161720 680730] on METTPL is 221.689e-3
[158720 523220 161720 596020] on METTPL is 15.445
[158720 595020 161720 597020] on VIATPL is 15.005
[160220 595020 233020 597020] on METTP is 17.341
[233020 595020 305820 597020] on METTP is 18.104
[231520 595020 234520 597020] on VIATPL is 17.341
[231520 523220 234520 596020] on METTPL is 18.07
[231520 596020 234520 678730] on METTPL is 10.942
[231520 678730 234520 680730] on METTPL is 258.198e-3
[231520 676730 234520 680730] on VIATPL is 258.198e-3
[233020 676730 305820 680730] on METTP is 265.957e-3
[305820 676730 373020 680730] on METTP is 266.641e-3
[304320 676730 307320 680730] on VIATPL is 271.475e-3
[304320 596020 307320 678730] on METTPL is 11.505
[304320 678730 307320 680730] on METTPL is 271.475e-3
[304320 523220 307320 596020] on METTPL is 19.045
[304320 595020 307320 597020] on VIATPL is 18.104
[305820 595020 373020 597020] on METTP is 18.17
[373020 595020 445820 597020] on METTP is 18.17
[371520 595020 374520 597020] on VIATPL is 18.17
[371520 523220 374520 596020] on METTPL is 19.089
[371520 596020 374520 678730] on METTPL is 11.535
[371520 678730 374520 680730] on METTPL is 272.194e-3
[371520 676730 374520 680730] on VIATPL is 272.194e-3
[373020 676730 445820 680730] on METTP is 266.641e-3
[445820 676730 518620 680730] on METTP is 254.938e-3
[444320 676730 447320 680730] on VIATPL is 259.882e-3
[444320 596020 447320 678730] on METTPL is 11.013
[444320 678730 447320 680730] on METTPL is 259.882e-3
[444320 523220 447320 596020] on METTPL is 18.196
[444320 595020 447320 597020] on VIATPL is 17.43
[445820 595020 518620 597020] on METTP is 17.43
[518620 595020 591420 597020] on METTP is 15.392
[517120 595020 520120 597020] on VIATPL is 15.392
[517120 523220 520120 596020] on METTPL is 15.766
[517120 596020 520120 678730] on METTPL is 9.589
[517120 678730 520120 680730] on METTPL is 226.561e-3
[517120 676730 520120 680730] on VIATPL is 232.156e-3
[518620 676730 591420 680730] on METTP is 232.156e-3
[591420 676730 678290 680730] on METTP is 376.755e-3
[589920 676730 592920 680730] on VIATPL is 221.913e-3
[589920 596020 592920 678730] on METTPL is 6.677
[589920 678730 592920 680730] on METTPL is 159.43e-3
[589920 523220 592920 596020] on METTPL is 10.917
[589920 595020 592920 597020] on VIATPL is 10.885
[591420 595020 678290 597020] on METTP is 10.885
[678290 595020 681290 597020] on METTP is 372.65e-3
[675290 595020 681290 597020] on VIATPL is 432.181e-3
[675290 523220 681290 596020] on METTPL is 484.901e-3
[675290 596020 681290 678730] on METTPL is 432.181e-3
[675290 678730 681290 680730] on METTPL is 399.92e-3
[675290 676730 681290 680730] on VIATPL is 399.92e-3
[678290 676730 681290 680730] on METTP is 376.755e-3
[675290 449300 681290 523220] on METTPL is 530.151e-3
[675290 522220 681290 524220] on VIATPL is 504.86e-3
[678290 522220 681290 524220] on METTP is 504.86e-3
[591420 522220 678290 524220] on METTP is 15.217
[518620 522220 591420 524220] on METTP is 21.878
[589920 522220 592920 524220] on VIATPL is 15.217
[589920 449300 592920 523220] on METTPL is 13.668
[589920 376500 592920 449300] on METTPL is 14.95
[589920 448300 592920 450300] on VIATPL is 17.683
[591420 448300 678290 450300] on METTP is 17.683
[518620 448300 591420 450300] on METTP is 25.681
[445820 448300 518620 450300] on METTP is 29.731
[517120 448300 520120 450300] on VIATPL is 25.681
[517120 376500 520120 449300] on METTPL is 21.751
[517120 449300 520120 523220] on METTPL is 19.83
[517120 522220 520120 524220] on VIATPL is 21.878
[445820 522220 518620 524220] on METTP is 25.244
[373020 522220 445820 524220] on METTP is 26.458
[444320 522220 447320 524220] on VIATPL is 25.244
[444320 449300 447320 523220] on METTPL is 22.943
[444320 376500 447320 449300] on METTPL is 25.203
[444320 448300 447320 450300] on VIATPL is 29.731
[373020 448300 445820 450300] on METTP is 31.218
[305820 448300 373020 450300] on METTP is 31.218
[371520 448300 374520 450300] on VIATPL is 31.218
[371520 376500 374520 449300] on METTPL is 26.498
[371520 449300 374520 523220] on METTPL is 24.098
[371520 522220 374520 524220] on VIATPL is 26.458
[305820 522220 373020 524220] on METTP is 26.458
[233020 522220 305820 524220] on METTP is 26.39
[304320 522220 307320 524220] on VIATPL is 26.39
[304320 449300 307320 523220] on METTPL is 24.048
[304320 376500 307320 449300] on METTPL is 26.446
[304320 448300 307320 450300] on VIATPL is 31.158
[233020 448300 305820 450300] on METTP is 31.158
[160220 448300 233020 450300] on METTP is 29.495
[231520 448300 234520 450300] on VIATPL is 29.495
[231520 376500 234520 449300] on METTPL is 25.05
[231520 449300 234520 523220] on METTPL is 22.789
[231520 522220 234520 524220] on VIATPL is 25.044
[160220 522220 233020 524220] on METTP is 25.044
[158720 522220 161720 524220] on VIATPL is 21.453
[158720 449300 161720 523220] on METTPL is 19.431
[158720 448300 161720 450300] on VIATPL is 25.171
[231520 375500 234520 377500] on VIATPL is 31.619
[233020 375500 305820 377500] on METTP is 33.366
[305820 375500 373020 377500] on METTP is 33.431
[304320 375500 307320 377500] on VIATPL is 33.366
[304320 303700 307320 376500] on METTPL is 26.446
[304320 302700 307320 304700] on VIATPL is 33.409
[305820 302700 373020 304700] on METTP is 33.469
[373020 302700 445820 304700] on METTP is 33.469
[371520 302700 374520 304700] on VIATPL is 33.469
[371520 230900 374520 303700] on METTPL is 26.431
[371520 303700 374520 376500] on METTPL is 26.498
[371520 375500 374520 377500] on VIATPL is 33.431
[373020 375500 445820 377500] on METTP is 33.431
[445820 375500 518620 377500] on METTP is 31.698
[444320 375500 447320 377500] on VIATPL is 31.698
[444320 303700 447320 376500] on METTPL is 25.203
[444320 230900 447320 303700] on METTPL is 25.152
[444320 302700 447320 304700] on VIATPL is 31.872
[445820 302700 518620 304700] on METTP is 31.872
[518620 302700 591420 304700] on METTP is 27.333
[517120 302700 520120 304700] on VIATPL is 27.333
[517120 230900 520120 303700] on METTPL is 21.684
[517120 303700 520120 376500] on METTPL is 21.751
[517120 375500 520120 377500] on VIATPL is 27.341
[518620 375500 591420 377500] on METTP is 27.341
[591420 375500 678290 377500] on METTP is 18.695
[589920 375500 592920 377500] on VIATPL is 18.695
[589920 303700 592920 376500] on METTPL is 14.95
[589920 230900 592920 303700] on METTPL is 14.899
[589920 302700 592920 304700] on VIATPL is 18.703
[591420 302700 678290 304700] on METTP is 18.703
[678290 302700 681290 304700] on METTP is 614.532e-3
[675290 302700 681290 304700] on VIATPL is 614.532e-3
[675290 230900 681290 303700] on METTPL is 551.816e-3
[675290 303700 681290 376500] on METTPL is 553.462e-3
[675290 376500 681290 449300] on METTPL is 553.462e-3
[675290 375500 681290 377500] on VIATPL is 614.541e-3
[678290 375500 681290 377500] on METTP is 614.541e-3
[675290 448300 681290 450300] on VIATPL is 582.168e-3
[678290 448300 681290 450300] on METTP is 582.168e-3
[675290 158100 681290 230900] on METTPL is 524.544e-3
[675290 229900 681290 231900] on VIATPL is 573.69e-3
[678290 229900 681290 231900] on METTP is 573.69e-3
[591420 229900 678290 231900] on METTP is 17.416
[518620 229900 591420 231900] on METTP is 25.343
[589920 229900 592920 231900] on VIATPL is 17.416
[589920 158100 592920 230900] on METTPL is 13.494
[589920 85300 592920 158100] on METTPL is 10.695
[589920 157100 592920 159100] on VIATPL is 14.909
[591420 157100 678290 159100] on METTP is 14.909
[518620 157100 591420 159100] on METTP is 21.57
[445820 157100 518620 159100] on METTP is 24.882
[517120 157100 520120 159100] on VIATPL is 21.57
[517120 85300 520120 158100] on METTPL is 15.491
[517120 158100 520120 230900] on METTPL is 19.608
[517120 229900 520120 231900] on VIATPL is 25.343
[445820 229900 518620 231900] on METTP is 29.372
[373020 229900 445820 231900] on METTP is 30.915
[444320 229900 447320 231900] on VIATPL is 29.372
[444320 158100 447320 230900] on METTPL is 22.712
[444320 157100 447320 159100] on VIATPL is 24.882
[371520 229900 374520 231900] on VIATPL is 30.915
[517120 84300 520120 86300] on VIATPL is 14.674
[518620 84300 591420 86300] on METTP is 14.674
[591420 84300 678290 86300] on METTP is 10.365
[589920 84300 592920 86300] on VIATPL is 10.365
[589920 5750 592920 85300] on METTPL is 6.397
[589920 3750 592920 5750] on METTPL is 158.648e-3
[589920 3750 592920 7750] on VIATPL is 219.924e-3
[591420 3750 678290 7750] on METTP is 370.05e-3
[678290 3750 681290 7750] on METTP is 370.05e-3
[675290 3750 681290 7750] on VIATPL is 392.508e-3
[675290 3750 681290 5750] on METTPL is 392.508e-3
[675290 5750 681290 85300] on METTPL is 422.591e-3
[675290 85300 681290 158100] on METTPL is 477.19e-3
[675290 84300 681290 86300] on VIATPL is 422.591e-3
[678290 84300 681290 86300] on METTP is 356.344e-3
[675290 157100 681290 159100] on VIATPL is 494.923e-3
[678290 157100 681290 159100] on METTP is 494.923e-3
[3750 303700 9750 376500] on METTPL is 555.07e-3
[3750 375500 9750 377500] on VIATPL is 617.546e-3
[3750 375500 6750 377500] on METTP is 617.546e-3
[3750 230900 9750 303700] on METTPL is 553.953e-3
[3750 302700 9750 304700] on VIATPL is 616.992e-3
[6750 302700 87420 304700] on METTP is 17.482
[3750 302700 6750 304700] on METTP is 616.992e-3
[85920 302700 88920 304700] on VIATPL is 17.482
[85920 230900 88920 303700] on METTPL is 13.939
[85920 158100 88920 230900] on METTPL is 12.643
[85920 229900 88920 231900] on VIATPL is 16.317
[87420 229900 160220 231900] on METTP is 24.917
[6750 229900 87420 231900] on METTP is 16.317
[3750 229900 6750 231900] on METTP is 577.227e-3
[3750 229900 9750 231900] on VIATPL is 577.227e-3
[3750 158100 9750 230900] on METTPL is 527.078e-3
[3750 85300 9750 158100] on METTPL is 479.712e-3
[3750 157100 9750 159100] on VIATPL is 500.243e-3
[6750 157100 87420 159100] on METTP is 14.041
[3750 157100 6750 159100] on METTP is 500.243e-3
[87420 157100 160220 159100] on METTP is 21.199
[85920 157100 88920 159100] on VIATPL is 14.041
[85920 85300 88920 158100] on METTPL is 10.04
[85920 5750 88920 85300] on METTPL is 6.013
[85920 84300 88920 86300] on VIATPL is 9.781
[87420 84300 160220 86300] on METTP is 14.525
[6750 84300 87420 86300] on METTP is 9.781
[3750 84300 6750 86300] on METTP is 360.563e-3
[3750 84300 9750 86300] on VIATPL is 423.957e-3
[3750 5750 9750 85300] on METTPL is 423.957e-3
[3750 3750 9750 5750] on METTPL is 391.337e-3
[3750 3750 9750 7750] on VIATPL is 391.337e-3
[6750 3750 87420 7750] on METTP is 366.984e-3
[3750 3750 6750 7750] on METTP is 366.984e-3
[87420 3750 160220 7750] on METTP is 228.264e-3
[85920 3750 88920 7750] on VIATPL is 215.817e-3
[85920 3750 88920 5750] on METTPL is 149.379e-3
[160220 3750 233020 7750] on METTP is 253.548e-3
[158720 3750 161720 7750] on VIATPL is 228.264e-3
[158720 3750 161720 5750] on METTPL is 222.536e-3
[158720 5750 161720 85300] on METTPL is 9.067
[158720 85300 161720 158100] on METTPL is 15.22
[158720 84300 161720 86300] on VIATPL is 14.525
[160220 84300 233020 86300] on METTP is 16.765
[233020 84300 305820 86300] on METTP is 17.469
[231520 84300 234520 86300] on VIATPL is 16.765
[231520 5750 234520 85300] on METTPL is 10.568
[231520 85300 234520 158100] on METTPL is 17.798
[231520 157100 234520 159100] on VIATPL is 24.724
[160220 157100 233020 159100] on METTP is 24.724
[158720 157100 161720 159100] on VIATPL is 21.199
[158720 158100 161720 230900] on METTPL is 19.245
[158720 229900 161720 231900] on VIATPL is 24.917
[231520 3750 234520 5750] on METTPL is 259.024e-3
[231520 3750 234520 7750] on VIATPL is 259.024e-3
[233020 3750 305820 7750] on METTP is 266.562e-3
[305820 3750 373020 7750] on METTP is 267.026e-3
[304320 3750 307320 7750] on VIATPL is 272.145e-3
[304320 3750 307320 5750] on METTPL is 272.145e-3
[304320 5750 307320 85300] on METTPL is 11.103
[304320 84300 307320 86300] on VIATPL is 17.469
[371520 3750 374520 7750] on VIATPL is 272.649e-3
[371520 3750 374520 5750] on METTPL is 272.649e-3
