
Name of design : CMB
Number of cell instance masters in the library : 90
Number of cell instances in the design : 4937
Target IR drop : 180.000 mV
Processing net VDD ...
Average power dissipation in CMB :  1000.00 mW
Power supply voltage :     1.80 V
Average current in CMB :   555.56 mA
Number of power pad nodes reaching to the power ports of the leaf cells or blocks : 22
Maximum IR drop in CMB : 92.34 mV
Maximum current in CMB : 61.675 mA
Processing net VSS ...
Average power dissipation in CMB :  1000.00 mW
Power supply voltage :     1.80 V
Average current in CMB :   555.56 mA
Number of power pad nodes reaching to the power ports of the leaf cells or blocks : 22
Maximum IR drop in CMB : 90.79 mV
Maximum current in CMB : 61.857 mA
Memory usage for design data :      38567.936 Kbytes
Overall takes     0.12 seconds
