 
****************************************
Report : constraint
        -all_violators
Design : controlador
Version: N-2017.09-SP4
Date   : Wed May 30 17:14:57 2018
****************************************


   max_transition

                             Required        Actual
   Net                      Transition     Transition        Slack
   -----------------------------------------------------------------
   maq_core/n1486               5.33           5.82          -0.49  (VIOLATED)
       PIN :   maq_core/U1532/Q
                                5.33           5.82          -0.49  (VIOLATED)

   -----------------------------------------------------------------
   Total                      1                  -0.49  

   max_area

                             Required        Actual
   Design                      Area           Area           Slack
   -----------------------------------------------------------------
   controlador                  0.00       123422.11      -123422.11
                                                                    (VIOLATED)


   max_leakage_power

                             Required        Actual
   Design                   Leakage Power  Leakage Power     Slack
   -----------------------------------------------------------------
   controlador                  0.00        9944.91       -9944.91  (VIOLATED)


1
