**************************************************************
* Voltage Drop Report file

* Units:
*   Length Unit         : um
*   Length Scale        : 0.001
*   Voltage Unit        : mV
*
* Cell Name : CMB
* Net Name   : VDD
* Number of Resistors: 267
* Threshold V: (min, max)=(0.090448 92.337087)
* Format: [left bottom right top] on Layer is voltage
*
[805120 3750 808120 6750] on METTPL is 720.045e-3
[805120 6750 808120 115200] on METTPL is 26.406
[805120 3750 808120 9750] on VIATPL is 849.8e-3
[806620 3750 907420 9750] on METTP is 863.61e-3
[711420 3750 806620 9750] on METTP is 892.73e-3
[610620 3750 711420 9750] on METTP is 906.636e-3
[709920 3750 712920 9750] on VIATPL is 892.73e-3
[709920 3750 712920 6750] on METTPL is 792.068e-3
[709920 6750 712920 115200] on METTPL is 29.159
[709920 115200 712920 213760] on METTPL is 54.56
[709920 113700 712920 116700] on VIATPL is 29.552
[711420 113700 806620 116700] on METTP is 29.552
[610620 113700 711420 116700] on METTP is 30.536
[509820 113700 610620 116700] on METTP is 30.536
[609120 113700 612120 116700] on VIATPL is 30.536
[609120 6750 612120 115200] on METTPL is 29.509
[609120 115200 612120 213760] on METTPL is 54.61
[609120 213760 612120 215260] on METTPL is 54.61
[609120 212260 612120 215260] on VIATPL is 80.669
[610620 212260 626825 215260] on METTP is 84.936
[603020 212260 610620 215260] on METTP is 83.942
[597620 212260 603020 215260] on METTP is 85.858
[587195 212260 597620 215260] on METTP is 88.768
[578050 212260 587195 215260] on METTP is 90.628
[568375 212260 578050 215260] on METTP is 91.863
[559230 212260 568375 215260] on METTP is 92.337
[549555 212260 559230 215260] on METTP is 92.337
[540410 212260 549555 215260] on METTP is 92.106
[530735 212260 540410 215260] on METTP is 91.195
[521590 212260 530735 215260] on METTP is 89.498
[511915 212260 521590 215260] on METTP is 87.201
[509820 212260 511915 215260] on METTP is 84.038
[502770 212260 509820 215260] on METTP is 85.445
[508320 212260 511320 215260] on VIATPL is 83.195
[508320 115200 511320 213760] on METTPL is 56.095
[508320 213760 511320 215260] on METTPL is 56.095
[508320 6750 511320 115200] on METTPL is 29.992
[508320 113700 511320 116700] on VIATPL is 30.423
[409020 113700 509820 116700] on METTP is 30.423
[313820 113700 409020 116700] on METTP is 27.562
[407520 113700 410520 116700] on VIATPL is 27.562
[407520 6750 410520 115200] on METTPL is 27.416
[407520 115200 410520 213760] on METTPL is 51.515
[407520 213760 410520 215260] on METTPL is 51.515
[407520 212260 410520 215260] on VIATPL is 76.535
[409020 212260 417815 215260] on METTP is 80.389
[408670 212260 409020 215260] on METTP is 76.614
[398995 212260 408670 215260] on METTP is 78.077
[389850 212260 398995 215260] on METTP is 78.767
[380175 212260 389850 215260] on METTP is 78.767
[371030 212260 380175 215260] on METTP is 78.764
[361355 212260 371030 215260] on METTP is 78.068
[352210 212260 361355 215260] on METTP is 76.599
[342535 212260 352210 215260] on METTP is 74.518
[333390 212260 342535 215260] on METTP is 71.583
[323715 212260 333390 215260] on METTP is 68.117
[314570 212260 323715 215260] on METTP is 63.716
[313820 212260 314570 215260] on METTP is 58.864
[304895 212260 313820 215260] on METTP is 58.409
[312320 212260 315320 215260] on VIATPL is 58.409
[312320 115200 315320 213760] on METTPL is 39.439
[312320 213760 315320 215260] on METTPL is 39.439
[312320 6750 315320 115200] on METTPL is 21.168
[312320 113700 315320 116700] on VIATPL is 21.628
[213020 113700 313820 116700] on METTP is 21.628
[112220 113700 213020 116700] on METTP is 12.711
[211520 113700 214520 116700] on VIATPL is 12.711
[211520 6750 214520 115200] on METTPL is 10.296
[211520 115200 214520 213760] on METTPL is 17.065
[211520 213760 214520 312320] on METTPL is 17.065
[211520 212260 214520 215260] on VIATPL is 26.091
[213020 212260 286000 215260] on METTP is 52.496
[112220 212260 213020 215260] on METTP is 26.091
[6750 212260 112220 215260] on METTP is 11.216
[110720 212260 113720 215260] on VIATPL is 11.216
[110720 115200 113720 213760] on METTPL is 8.242
[110720 213760 113720 312320] on METTPL is 8.496
[110720 312320 113720 412000] on METTPL is 8.496
[110720 310820 113720 313820] on VIATPL is 8.952
[112220 310820 213020 313820] on METTP is 14.678
[6750 310820 112220 313820] on METTP is 8.952
[3750 310820 6750 313820] on METTP is 269.387e-3
[3750 310820 9750 313820] on VIATPL is 270.421e-3
[3750 213760 9750 312320] on METTPL is 285.295e-3
[3750 312320 9750 412000] on METTPL is 270.421e-3
[3750 412000 9750 510560] on METTPL is 256.536e-3
[3750 410500 9750 413500] on VIATPL is 258.417e-3
[6750 410500 112220 413500] on METTP is 8.621
[3750 410500 6750 413500] on METTP is 258.417e-3
[112220 410500 213020 413500] on METTP is 13.513
[110720 410500 113720 413500] on VIATPL is 8.621
[110720 412000 113720 510560] on METTPL is 8.309
[110720 510560 113720 609120] on METTPL is 7.825
[110720 509060 113720 512060] on VIATPL is 8.052
[112220 509060 213020 512060] on METTP is 12.356
[6750 509060 112220 512060] on METTP is 8.052
[3750 509060 6750 512060] on METTP is 243.374e-3
[3750 509060 9750 512060] on VIATPL is 243.374e-3
[3750 510560 9750 609120] on METTPL is 240.727e-3
[3750 609120 9750 707680] on METTPL is 221.99e-3
[3750 607620 9750 610620] on VIATPL is 223.424e-3
[6750 607620 112220 610620] on METTP is 7.392
[3750 607620 6750 610620] on METTP is 223.424e-3
[112220 607620 213020 610620] on METTP is 11.138
[110720 607620 113720 610620] on VIATPL is 7.392
[110720 609120 113720 707680] on METTPL is 7.121
[110720 707680 113720 806240] on METTPL is 6.156
[110720 706180 113720 709180] on VIATPL is 6.51
[112220 706180 213020 709180] on METTP is 9.701
[6750 706180 112220 709180] on METTP is 6.51
[3750 706180 6750 709180] on METTP is 200.841e-3
[3750 706180 9750 709180] on VIATPL is 201.665e-3
[3750 707680 9750 806240] on METTPL is 201.665e-3
[3750 806240 9750 904800] on METTPL is 182.251e-3
[3750 804740 9750 807740] on VIATPL is 182.251e-3
[6750 804740 112220 807740] on METTP is 5.352
[3750 804740 6750 807740] on METTP is 171.011e-3
[112220 804740 213020 807740] on METTP is 7.861
[110720 804740 113720 807740] on VIATPL is 5.352
[110720 806240 113720 904800] on METTPL is 4.85
[110720 904800 113720 1018530] on METTPL is 3.061
[110720 903300 113720 906300] on VIATPL is 3.877
[112220 903300 213020 906300] on METTP is 5.577
[6750 903300 112220 906300] on METTP is 3.877
[3750 903300 6750 906300] on METTP is 136.196e-3
[3750 903300 9750 906300] on VIATPL is 175.273e-3
[3750 904800 9750 1018530] on METTPL is 217.11e-3
[3750 1018530 9750 1021530] on METTPL is 217.11e-3
[3750 1015530 9750 1021530] on VIATPL is 230.219e-3
[6750 1015530 112220 1021530] on METTP is 255.341e-3
[3750 1015530 6750 1021530] on METTP is 230.219e-3
[112220 1015530 213020 1021530] on METTP is 390.69e-3
[110720 1015530 113720 1021530] on VIATPL is 255.341e-3
[110720 1018530 113720 1021530] on METTPL is 90.448e-3
[213020 1015530 1021330 1021530] on METTP is 4.35
[211520 1015530 214520 1021530] on VIATPL is 390.69e-3
[211520 904800 214520 1018530] on METTPL is 4.48
[211520 1018530 214520 1021530] on METTPL is 133.515e-3
[211520 806240 214520 904800] on METTPL is 7.191
[211520 903300 214520 906300] on VIATPL is 5.577
[213020 903300 214520 906300] on METTP is 5.577
[211520 707680 214520 806240] on METTPL is 9.257
[211520 804740 214520 807740] on VIATPL is 7.861
[213020 804740 214520 807740] on METTP is 7.861
[211520 609120 214520 707680] on METTPL is 10.895
[211520 706180 214520 709180] on VIATPL is 9.701
[213020 706180 214520 709180] on METTP is 9.701
[211520 510560 214520 609120] on METTPL is 12.299
[211520 607620 214520 610620] on VIATPL is 11.138
[213020 607620 214520 610620] on METTP is 11.138
[211520 412000 214520 510560] on METTPL is 13.647
[211520 509060 214520 512060] on VIATPL is 12.356
[213020 509060 214520 512060] on METTP is 12.356
[211520 312320 214520 412000] on METTPL is 15.142
[211520 410500 214520 413500] on VIATPL is 13.647
[213020 410500 214520 413500] on METTP is 13.513
[211520 310820 214520 313820] on VIATPL is 15.142
[213020 310820 214520 313820] on METTP is 14.678
[1021330 1015530 1024330 1021530] on METTP is 4.35
[1018330 1015530 1024330 1021530] on VIATPL is 4.408
[1018330 269505 1024330 1018530] on METTPL is 5.631
[1018330 1018530 1024330 1021530] on METTPL is 4.408
[1018330 213760 1024330 269505] on METTPL is 5.631
[1018330 115200 1024330 213760] on METTPL is 3.676
[1018330 212260 1024330 215260] on VIATPL is 3.676
[1021330 212260 1024330 215260] on METTP is 2.036
[955560 212260 1021330 215260] on METTP is 38.714
[945885 212260 955560 215260] on METTP is 43.377
[936740 212260 945885 215260] on METTP is 47.091
[927065 212260 936740 215260] on METTP is 50.288
[917920 212260 927065 215260] on METTP is 52.617
[908245 212260 917920 215260] on METTP is 54.347
[907420 212260 908245 215260] on METTP is 54.432
[899100 212260 907420 215260] on METTP is 59.228
[905920 212260 908920 215260] on VIATPL is 54.432
[905920 115200 908920 213760] on METTPL is 36.255
[905920 213760 908920 215260] on METTPL is 36.255
[905920 6750 908920 115200] on METTPL is 18.746
[905920 113700 908920 116700] on VIATPL is 18.746
[907420 113700 1021330 116700] on METTP is 17.757
[806620 113700 907420 116700] on METTP is 26.068
[805120 113700 808120 116700] on VIATPL is 26.406
[805120 115200 808120 213760] on METTPL is 50.074
[805120 213760 808120 215260] on METTPL is 50.074
[805120 212260 808120 215260] on VIATPL is 74.647
[806620 212260 814145 215260] on METTP is 76.011
[805000 212260 806620 215260] on METTP is 75.413
[795325 212260 805000 215260] on METTP is 79.253
[786180 212260 795325 215260] on METTP is 82.19
[776505 212260 786180 215260] on METTP is 84.564
[767360 212260 776505 215260] on METTP is 86.115
[757685 212260 767360 215260] on METTP is 87.024
[748540 212260 757685 215260] on METTP is 87.189
[738865 212260 748540 215260] on METTP is 87.189
[729720 212260 738865 215260] on METTP is 86.632
[720045 212260 729720 215260] on METTP is 85.412
[711420 212260 720045 215260] on METTP is 83.389
[710900 212260 711420 215260] on METTP is 81.149
[709920 212260 712920 215260] on VIATPL is 80.931
[709920 213760 712920 215260] on METTPL is 54.56
[701225 212260 710900 215260] on METTP is 84.465
[692080 212260 701225 215260] on METTP is 86.907
[682405 212260 692080 215260] on METTP is 88.757
[673260 212260 682405 215260] on METTP is 89.814
[667465 212260 673260 215260] on METTP is 90.044
[658005 212260 667465 215260] on METTP is 90.044
[643765 212260 658005 215260] on METTP is 89.703
[626825 212260 643765 215260] on METTP is 88.112
[814145 212260 823820 215260] on METTP is 77.031
[823820 212260 832965 215260] on METTP is 77.303
[832965 212260 842640 215260] on METTP is 77.303
[842640 212260 851785 215260] on METTP is 76.857
[851785 212260 861460 215260] on METTP is 75.744
[861460 212260 870605 215260] on METTP is 73.832
[870605 212260 880280 215260] on METTP is 71.333
[880280 212260 889425 215260] on METTP is 67.955
[889425 212260 899100 215260] on METTP is 64.071
[1021330 113700 1024330 116700] on METTP is 744.018e-3
[1018330 113700 1024330 116700] on VIATPL is 2.032
[1018330 6750 1024330 115200] on METTPL is 2.032
[1018330 3750 1024330 6750] on METTPL is 1.791
[1018330 3750 1024330 9750] on VIATPL is 1.791
[1021330 3750 1024330 9750] on METTP is 1.712
[907420 3750 1021330 9750] on METTP is 1.712
[905920 3750 908920 9750] on VIATPL is 863.61e-3
[905920 3750 908920 6750] on METTPL is 528.502e-3
[3750 115200 9750 213760] on METTPL is 285.295e-3
[3750 212260 9750 215260] on VIATPL is 321.751e-3
[3750 212260 6750 215260] on METTP is 321.751e-3
[3750 6750 9750 115200] on METTPL is 289.521e-3
[3750 113700 9750 116700] on VIATPL is 259.833e-3
[6750 113700 112220 116700] on METTP is 6.578
[3750 113700 6750 116700] on METTP is 212.434e-3
[110720 113700 113720 116700] on VIATPL is 6.578
[110720 6750 113720 115200] on METTPL is 5.123
[110720 3750 113720 6750] on METTPL is 148.821e-3
[110720 3750 113720 9750] on VIATPL is 302.019e-3
[112220 3750 213020 9750] on METTP is 428.599e-3
[6750 3750 112220 9750] on METTP is 302.019e-3
[3750 3750 6750 9750] on METTP is 299.276e-3
[3750 3750 9750 9750] on VIATPL is 299.276e-3
[3750 3750 9750 6750] on METTPL is 289.521e-3
[213020 3750 313820 9750] on METTP is 662.337e-3
[211520 3750 214520 9750] on VIATPL is 428.599e-3
[211520 3750 214520 6750] on METTPL is 287.22e-3
[313820 3750 409020 9750] on METTP is 825.178e-3
[312320 3750 315320 9750] on VIATPL is 662.337e-3
[312320 3750 315320 6750] on METTPL is 575.962e-3
[409020 3750 509820 9750] on METTP is 902.953e-3
[407520 3750 410520 9750] on VIATPL is 825.178e-3
[407520 3750 410520 6750] on METTPL is 743.781e-3
[509820 3750 610620 9750] on METTP is 906.636e-3
[508320 3750 511320 9750] on VIATPL is 902.953e-3
[508320 3750 511320 6750] on METTPL is 813.688e-3
[609120 3750 612120 9750] on VIATPL is 906.636e-3
[609120 3750 612120 6750] on METTPL is 801.799e-3
[286000 212260 295750 215260] on METTP is 55.285
[295750 212260 304895 215260] on METTP is 57.208
[417815 212260 427490 215260] on METTP is 83.897
[427490 212260 436635 215260] on METTP is 86.519
[436635 212260 446310 215260] on METTP is 88.561
[446310 212260 455455 215260] on METTP is 89.798
[455455 212260 465130 215260] on METTP is 90.374
[465130 212260 474275 215260] on METTP is 90.374
[474275 212260 483950 215260] on METTP is 90.225
[483950 212260 493095 215260] on METTP is 89.335
[493095 212260 502770 215260] on METTP is 87.801
