**************************************************************
* Voltage Drop Report file

* Units:
*   Length Unit         : um
*   Length Scale        : 0.001
*   Voltage Unit        : mV
*
* Cell Name : controlador
* Net Name   : VDD
* Number of Resistors: 385
* Threshold V: (min, max)=(0.172916 16.460130)
* Format: [left bottom right top] on Layer is voltage
*
[334720 3750 337720 6750] on METTPL is 262.65e-3
[334720 6750 337720 56960] on METTPL is 4.654
[334720 3750 337720 9750] on VIATPL is 266.441e-3
[336220 3750 375420 9750] on METTP is 266.441e-3
[297020 3750 336220 9750] on METTP is 298.145e-3
[257820 3750 297020 9750] on METTP is 320.033e-3
[295520 3750 298520 9750] on VIATPL is 305.583e-3
[295520 3750 298520 6750] on METTPL is 305.583e-3
[295520 6750 298520 56960] on METTPL is 5.429
[295520 56960 298520 96160] on METTPL is 8.504
[295520 55460 298520 58460] on VIATPL is 7.844
[297020 55460 336220 58460] on METTP is 7.844
[257820 55460 297020 58460] on METTP is 8.488
[213020 55460 257820 58460] on METTP is 8.643
[256320 55460 259320 58460] on VIATPL is 8.488
[256320 6750 259320 56960] on METTPL is 5.901
[256320 56960 259320 96160] on METTPL is 9.258
[256320 96160 259320 136480] on METTPL is 11.696
[256320 94660 259320 97660] on VIATPL is 11.833
[257820 94660 297020 97660] on METTP is 11.833
[213020 94660 257820 97660] on METTP is 12.159
[173820 94660 213020 97660] on METTP is 12.159
[211520 94660 214520 97660] on VIATPL is 12.159
[211520 56960 214520 96160] on METTPL is 9.493
[211520 96160 214520 136480] on METTPL is 11.995
[211520 136480 214520 176800] on METTPL is 13.478
[211520 134980 214520 137980] on VIATPL is 14.578
[213020 134980 257820 137980] on METTP is 14.578
[173820 134980 213020 137980] on METTP is 14.578
[134620 134980 173820 137980] on METTP is 14.035
[172320 134980 175320 137980] on VIATPL is 14.035
[172320 96160 175320 136480] on METTPL is 11.565
[172320 136480 175320 176800] on METTPL is 12.999
[172320 176800 175320 217120] on METTPL is 13.524
[172320 175300 175320 178300] on VIATPL is 15.302
[173820 175300 213020 178300] on METTP is 15.863
[134620 175300 173820 178300] on METTP is 15.302
[95420 175300 134620 178300] on METTP is 14.013
[133120 175300 136120 178300] on VIATPL is 14.013
[133120 136480 136120 176800] on METTPL is 11.88
[133120 176800 136120 217120] on METTPL is 12.346
[133120 217120 136120 257440] on METTPL is 12.346
[133120 215620 136120 218620] on VIATPL is 14.474
[134620 215620 173820 218620] on METTP is 15.882
[95420 215620 134620 218620] on METTP is 14.474
[56220 215620 95420 218620] on METTP is 11.951
[93920 215620 96920 218620] on VIATPL is 11.951
[93920 176800 96920 217120] on METTPL is 10.238
[93920 217120 96920 257440] on METTPL is 10.238
[93920 257440 96920 296640] on METTPL is 9.935
[93920 255940 96920 258940] on VIATPL is 11.703
[95420 255940 134620 258940] on METTP is 14.104
[56220 255940 95420 258940] on METTP is 11.703
[6750 255940 56220 258940] on METTP is 7.757
[54720 255940 57720 258940] on VIATPL is 7.757
[54720 217120 57720 257440] on METTPL is 6.795
[54720 257440 57720 296640] on METTPL is 6.605
[54720 296640 57720 336960] on METTPL is 5.98
[54720 295140 57720 298140] on VIATPL is 7.174
[56220 295140 95420 298140] on METTP is 10.722
[6750 295140 56220 298140] on METTP is 7.174
[3750 295140 6750 298140] on METTP is 405.812e-3
[3750 295140 9750 298140] on VIATPL is 405.812e-3
[3750 257440 9750 296640] on METTPL is 404.116e-3
[3750 296640 9750 336960] on METTPL is 383.484e-3
[3750 336960 9750 377280] on METTPL is 352.155e-3
[3750 335460 9750 338460] on VIATPL is 353.294e-3
[6750 335460 56220 338460] on METTP is 6.183
[3750 335460 6750 338460] on METTP is 353.294e-3
[56220 335460 95420 338460] on METTP is 9.227
[54720 335460 57720 338460] on VIATPL is 6.183
[54720 336960 57720 377280] on METTPL is 4.866
[54720 377280 57720 431650] on METTPL is 3.233
[54720 375780 57720 378780] on VIATPL is 4.847
[56220 375780 95420 378780] on METTP is 7.114
[6750 375780 56220 378780] on METTP is 4.847
[3750 375780 6750 378780] on METTP is 284.231e-3
[3750 375780 9750 378780] on VIATPL is 320.312e-3
[3750 377280 9750 431650] on METTPL is 320.312e-3
[3750 431650 9750 434650] on METTPL is 299.393e-3
[3750 428650 9750 434650] on VIATPL is 299.393e-3
[6750 428650 56220 434650] on METTP is 285.683e-3
[3750 428650 6750 434650] on METTP is 285.683e-3
[56220 428650 95420 434650] on METTP is 256.842e-3
[54720 428650 57720 434650] on VIATPL is 228.594e-3
[54720 431650 57720 434650] on METTPL is 172.916e-3
[95420 428650 134620 434650] on METTP is 292.071e-3
[93920 428650 96920 434650] on VIATPL is 256.842e-3
[93920 377280 96920 431650] on METTPL is 4.804
[93920 431650 96920 434650] on METTPL is 251.553e-3
[93920 336960 96920 377280] on METTPL is 7.269
[93920 375780 96920 378780] on VIATPL is 7.114
[95420 375780 134620 378780] on METTP is 8.43
[134620 375780 173820 378780] on METTP is 9.099
[133120 375780 136120 378780] on VIATPL is 8.43
[133120 336960 136120 377280] on METTPL is 8.738
[133120 377280 136120 431650] on METTPL is 5.751
[133120 431650 136120 434650] on METTPL is 300.17e-3
[133120 428650 136120 434650] on VIATPL is 300.17e-3
[134620 428650 173820 434650] on METTP is 316.611e-3
[173820 428650 213020 434650] on METTP is 326.857e-3
[172320 428650 175320 434650] on VIATPL is 327.441e-3
[172320 377280 175320 431650] on METTPL is 6.276
[172320 431650 175320 434650] on METTPL is 327.441e-3
[172320 336960 175320 377280] on METTPL is 9.576
[172320 375780 175320 378780] on VIATPL is 9.099
[173820 375780 213020 378780] on METTP is 9.416
[213020 375780 257820 378780] on METTP is 9.416
[211520 375780 214520 378780] on VIATPL is 9.416
[211520 336960 214520 377280] on METTPL is 9.933
[211520 377280 214520 431650] on METTPL is 6.506
[211520 431650 214520 434650] on METTPL is 339.364e-3
[211520 428650 214520 434650] on VIATPL is 339.364e-3
[213020 428650 257820 434650] on METTP is 326.857e-3
[257820 428650 297020 434650] on METTP is 319.701e-3
[256320 428650 259320 434650] on VIATPL is 331.585e-3
[256320 377280 259320 431650] on METTPL is 6.357
[256320 431650 259320 434650] on METTPL is 331.585e-3
[256320 336960 259320 377280] on METTPL is 9.701
[256320 375780 259320 378780] on VIATPL is 9.208
[257820 375780 297020 378780] on METTP is 9.208
[297020 375780 336220 378780] on METTP is 8.543
[295520 375780 298520 378780] on VIATPL is 8.543
[295520 336960 298520 377280] on METTPL is 8.894
[295520 377280 298520 431650] on METTPL is 5.847
[295520 431650 298520 434650] on METTPL is 305.218e-3
[295520 428650 298520 434650] on VIATPL is 305.218e-3
[297020 428650 336220 434650] on METTP is 297.754e-3
[336220 428650 375420 434650] on METTP is 265.957e-3
[334720 428650 337720 434650] on VIATPL is 265.957e-3
[334720 377280 337720 431650] on METTPL is 4.991
[334720 431650 337720 434650] on METTPL is 261.3e-3
[334720 336960 337720 377280] on METTPL is 7.556
[334720 375780 337720 378780] on VIATPL is 7.381
[336220 375780 375420 378780] on METTP is 7.381
[375420 375780 431650 378780] on METTP is 5.496
[373920 375780 376920 378780] on VIATPL is 5.496
[373920 336960 376920 377280] on METTPL is 5.434
[373920 377280 376920 431650] on METTPL is 3.625
[373920 431650 376920 434650] on METTPL is 192.879e-3
[373920 428650 376920 434650] on VIATPL is 240.304e-3
[375420 428650 431650 434650] on METTP is 293.298e-3
[431650 428650 434650 434650] on METTP is 293.298e-3
[428650 428650 434650 434650] on VIATPL is 304.494e-3
[428650 377280 434650 431650] on METTPL is 321.577e-3
[428650 431650 434650 434650] on METTPL is 304.494e-3
[428650 336960 434650 377280] on METTPL is 350.571e-3
[428650 375780 434650 378780] on VIATPL is 321.577e-3
[431650 375780 434650 378780] on METTP is 285.508e-3
[428650 296640 434650 336960] on METTPL is 379.515e-3
[428650 335460 434650 338460] on VIATPL is 350.682e-3
[431650 335460 434650 338460] on METTP is 350.682e-3
[375420 335460 431650 338460] on METTP is 6.924
[336220 335460 375420 338460] on METTP is 9.667
[373920 335460 376920 338460] on VIATPL is 6.924
[373920 296640 376920 336960] on METTPL is 6.655
[373920 257440 376920 296640] on METTPL is 7.327
[373920 295140 376920 298140] on VIATPL is 8.001
[375420 295140 431650 298140] on METTP is 8.001
[336220 295140 375420 298140] on METTP is 11.203
[297020 295140 336220 298140] on METTP is 13.285
[334720 295140 337720 298140] on VIATPL is 11.203
[334720 257440 337720 296640] on METTPL is 10.243
[334720 296640 337720 336960] on METTPL is 9.29
[334720 335460 337720 338460] on VIATPL is 9.667
[297020 335460 336220 338460] on METTP is 11.374
[257820 335460 297020 338460] on METTP is 12.387
[295520 335460 298520 338460] on VIATPL is 11.374
[295520 296640 298520 336960] on METTPL is 10.964
[295520 257440 298520 296640] on METTPL is 12.086
[295520 295140 298520 298140] on VIATPL is 13.285
[257820 295140 297020 298140] on METTP is 14.527
[213020 295140 257820 298140] on METTP is 14.837
[256320 295140 259320 298140] on VIATPL is 14.527
[256320 257440 259320 296640] on METTPL is 13.238
[256320 296640 259320 336960] on METTPL is 11.988
[256320 335460 259320 338460] on VIATPL is 12.387
[213020 335460 257820 338460] on METTP is 12.651
[173820 335460 213020 338460] on METTP is 12.651
[211520 335460 214520 338460] on VIATPL is 12.651
[211520 296640 214520 336960] on METTPL is 12.29
[211520 257440 214520 296640] on METTPL is 13.605
[211520 295140 214520 298140] on VIATPL is 14.837
[173820 295140 213020 298140] on METTP is 14.837
[134620 295140 173820 298140] on METTP is 14.249
[172320 295140 175320 298140] on VIATPL is 14.249
[172320 257440 175320 296640] on METTPL is 13.121
[172320 296640 175320 336960] on METTPL is 11.841
[172320 335460 175320 338460] on VIATPL is 12.199
[134620 335460 173820 338460] on METTP is 12.199
[95420 335460 134620 338460] on METTP is 11.097
[133120 335460 136120 338460] on VIATPL is 11.097
[133120 296640 136120 336960] on METTPL is 10.795
[133120 257440 136120 296640] on METTPL is 11.974
[133120 295140 136120 298140] on VIATPL is 12.941
[95420 295140 134620 298140] on METTP is 12.941
[93920 295140 96920 298140] on VIATPL is 10.722
[93920 296640 96920 336960] on METTPL is 8.962
[93920 335460 96920 338460] on VIATPL is 9.227
[133120 255940 136120 258940] on VIATPL is 14.104
[134620 255940 173820 258940] on METTP is 15.438
[173820 255940 213020 258940] on METTP is 15.979
[172320 255940 175320 258940] on VIATPL is 15.438
[172320 217120 175320 257440] on METTPL is 13.524
[172320 215620 175320 218620] on VIATPL is 15.882
[173820 215620 213020 218620] on METTP is 16.46
[213020 215620 257820 218620] on METTP is 16.46
[211520 215620 214520 218620] on VIATPL is 16.46
[211520 176800 214520 217120] on METTPL is 14.022
[211520 217120 214520 257440] on METTPL is 14.022
[211520 255940 214520 258940] on VIATPL is 15.979
[213020 255940 257820 258940] on METTP is 15.979
[257820 255940 297020 258940] on METTP is 15.483
[256320 255940 259320 258940] on VIATPL is 15.483
[256320 217120 259320 257440] on METTPL is 13.638
[256320 176800 259320 217120] on METTPL is 13.638
[256320 215620 259320 218620] on VIATPL is 15.937
[257820 215620 297020 218620] on METTP is 15.937
[297020 215620 336220 218620] on METTP is 14.418
[295520 215620 298520 218620] on VIATPL is 14.418
[295520 176800 298520 217120] on METTPL is 12.44
[295520 217120 298520 257440] on METTPL is 12.44
[295520 255940 298520 258940] on VIATPL is 14.121
[297020 255940 336220 258940] on METTP is 14.121
[336220 255940 375420 258940] on METTP is 11.911
[334720 255940 337720 258940] on VIATPL is 11.911
[334720 217120 337720 257440] on METTPL is 10.565
[334720 176800 337720 217120] on METTPL is 10.565
[334720 215620 337720 218620] on VIATPL is 12.257
[336220 215620 375420 218620] on METTP is 12.257
[375420 215620 431650 218620] on METTP is 8.716
[373920 215620 376920 218620] on VIATPL is 8.716
[373920 176800 376920 217120] on METTPL is 7.555
[373920 217120 376920 257440] on METTPL is 7.555
[373920 255940 376920 258940] on VIATPL is 8.503
[375420 255940 431650 258940] on METTP is 8.503
[431650 255940 434650 258940] on METTP is 425.316e-3
[428650 255940 434650 258940] on VIATPL is 425.316e-3
[428650 217120 434650 257440] on METTPL is 405.146e-3
[428650 257440 434650 296640] on METTPL is 398.2e-3
[428650 295140 434650 298140] on VIATPL is 401e-3
[431650 295140 434650 298140] on METTP is 401e-3
[428650 176800 434650 217120] on METTPL is 405.146e-3
[428650 215620 434650 218620] on VIATPL is 435.472e-3
[431650 215620 434650 218620] on METTP is 435.472e-3
[428650 136480 434650 176800] on METTPL is 398.366e-3
[428650 175300 434650 178300] on VIATPL is 430.794e-3
[431650 175300 434650 178300] on METTP is 430.794e-3
[375420 175300 431650 178300] on METTP is 8.632
[336220 175300 375420 178300] on METTP is 12.078
[373920 175300 376920 178300] on VIATPL is 8.632
[373920 136480 376920 176800] on METTPL is 7.326
[373920 96160 376920 136480] on METTPL is 6.582
[373920 134980 376920 137980] on VIATPL is 8.058
[375420 134980 431650 137980] on METTP is 8.058
[336220 134980 375420 137980] on METTP is 11.164
[297020 134980 336220 137980] on METTP is 13.069
[334720 134980 337720 137980] on VIATPL is 11.164
[334720 96160 337720 136480] on METTPL is 9.145
[334720 136480 337720 176800] on METTPL is 10.221
[334720 175300 337720 178300] on VIATPL is 12.078
[297020 175300 336220 178300] on METTP is 14.209
[257820 175300 297020 178300] on METTP is 15.498
[295520 175300 298520 178300] on VIATPL is 14.209
[295520 136480 298520 176800] on METTPL is 12.013
[295520 96160 298520 136480] on METTPL is 10.721
[295520 134980 298520 137980] on VIATPL is 13.069
[257820 134980 297020 137980] on METTP is 14.238
[256320 134980 259320 137980] on VIATPL is 14.238
[256320 136480 259320 176800] on METTPL is 13.133
[256320 175300 259320 178300] on VIATPL is 15.498
[213020 175300 257820 178300] on METTP is 15.863
[211520 175300 214520 178300] on VIATPL is 15.863
[295520 94660 298520 97660] on VIATPL is 10.905
[297020 94660 336220 97660] on METTP is 10.905
[336220 94660 375420 97660] on METTP is 9.367
[334720 94660 337720 97660] on VIATPL is 9.367
[334720 56960 337720 96160] on METTPL is 7.274
[334720 55460 337720 58460] on VIATPL is 6.762
[336220 55460 375420 58460] on METTP is 6.762
[375420 55460 431650 58460] on METTP is 5.035
[373920 55460 376920 58460] on VIATPL is 5.035
[373920 6750 376920 56960] on METTPL is 3.391
[373920 56960 376920 96160] on METTPL is 5.257
[373920 94660 376920 97660] on VIATPL is 6.763
[375420 94660 431650 97660] on METTP is 6.763
[431650 94660 434650 97660] on METTP is 342.723e-3
[428650 94660 434650 97660] on VIATPL is 343.652e-3
[428650 56960 434650 96160] on METTPL is 343.652e-3
[428650 96160 434650 136480] on METTPL is 376.909e-3
[428650 134980 434650 137980] on VIATPL is 402.982e-3
[431650 134980 434650 137980] on METTP is 402.982e-3
[428650 6750 434650 56960] on METTPL is 311.727e-3
[428650 55460 434650 58460] on VIATPL is 311.727e-3
[431650 55460 434650 58460] on METTP is 264.375e-3
[428650 3750 434650 6750] on METTPL is 297.526e-3
[428650 3750 434650 9750] on VIATPL is 297.526e-3
[431650 3750 434650 9750] on METTP is 287.447e-3
[375420 3750 431650 9750] on METTP is 287.447e-3
[373920 3750 376920 9750] on VIATPL is 239.741e-3
[373920 3750 376920 6750] on METTPL is 194.314e-3
[3750 217120 9750 257440] on METTPL is 410.442e-3
[3750 255940 9750 258940] on VIATPL is 437.028e-3
[3750 255940 6750 258940] on METTP is 437.028e-3
[3750 176800 9750 217120] on METTPL is 410.442e-3
[3750 215620 9750 218620] on VIATPL is 443.579e-3
[6750 215620 56220 218620] on METTP is 7.872
[3750 215620 6750 218620] on METTP is 443.579e-3
[54720 215620 57720 218620] on VIATPL is 7.872
[54720 176800 57720 217120] on METTPL is 6.795
[54720 136480 57720 176800] on METTPL is 6.56
[54720 175300 57720 178300] on VIATPL is 7.73
[56220 175300 95420 178300] on METTP is 11.632
[6750 175300 56220 178300] on METTP is 7.73
[3750 175300 6750 178300] on METTP is 435.372e-3
[3750 175300 9750 178300] on VIATPL is 435.372e-3
[3750 136480 9750 176800] on METTPL is 401.771e-3
[3750 96160 9750 136480] on METTPL is 377.891e-3
[3750 134980 9750 137980] on VIATPL is 401.888e-3
[6750 134980 56220 137980] on METTP is 7.112
[3750 134980 6750 137980] on METTP is 401.888e-3
[56220 134980 95420 137980] on METTP is 10.673
[54720 134980 57720 137980] on VIATPL is 7.112
[54720 96160 57720 136480] on METTPL is 5.864
[54720 56960 57720 96160] on METTPL is 4.676
[54720 94660 57720 97660] on VIATPL is 6.007
[56220 94660 95420 97660] on METTP is 8.972
[6750 94660 56220 97660] on METTP is 6.007
[3750 94660 6750 97660] on METTP is 343.42e-3
[3750 94660 9750 97660] on VIATPL is 343.42e-3
[3750 56960 9750 96160] on METTPL is 343.149e-3
[3750 6750 9750 56960] on METTPL is 309.254e-3
[3750 55460 9750 58460] on VIATPL is 309.254e-3
[6750 55460 56220 58460] on METTP is 4.449
[3750 55460 6750 58460] on METTP is 263.4e-3
[56220 55460 95420 58460] on METTP is 6.538
[54720 55460 57720 58460] on VIATPL is 4.449
[54720 6750 57720 56960] on METTPL is 3.011
[54720 3750 57720 6750] on METTPL is 173.501e-3
[54720 3750 57720 9750] on VIATPL is 227.287e-3
[56220 3750 95420 9750] on METTP is 257.132e-3
[6750 3750 56220 9750] on METTP is 279.213e-3
[3750 3750 6750 9750] on METTP is 279.213e-3
[3750 3750 9750 9750] on VIATPL is 291.683e-3
[3750 3750 9750 6750] on METTPL is 291.683e-3
[95420 3750 134620 9750] on METTP is 292.523e-3
[93920 3750 96920 9750] on VIATPL is 257.132e-3
[93920 3750 96920 6750] on METTPL is 252.931e-3
[93920 6750 96920 56960] on METTPL is 4.481
[93920 56960 96920 96160] on METTPL is 6.994
[93920 55460 96920 58460] on VIATPL is 6.538
[95420 55460 134620 58460] on METTP is 7.688
[134620 55460 173820 58460] on METTP is 8.318
[133120 55460 136120 58460] on VIATPL is 7.688
[133120 6750 136120 56960] on METTPL is 5.347
[133120 56960 136120 96160] on METTPL is 8.389
[133120 96160 136120 136480] on METTPL is 10.574
[133120 94660 136120 97660] on VIATPL is 10.784
[134620 94660 173820 97660] on METTP is 11.759
[95420 94660 134620 97660] on METTP is 10.784
[93920 94660 96920 97660] on VIATPL is 8.972
[93920 96160 96920 136480] on METTPL is 8.799
[93920 136480 96920 176800] on METTPL is 9.866
[93920 134980 96920 137980] on VIATPL is 10.673
[95420 134980 134620 137980] on METTP is 12.805
[133120 134980 136120 137980] on VIATPL is 12.805
[93920 175300 96920 178300] on VIATPL is 11.632
[172320 94660 175320 97660] on VIATPL is 11.759
[172320 56960 175320 96160] on METTPL is 9.159
[172320 6750 175320 56960] on METTPL is 5.824
[172320 55460 175320 58460] on VIATPL is 8.318
[173820 55460 213020 58460] on METTP is 8.643
[211520 55460 214520 58460] on VIATPL is 8.643
[211520 6750 214520 56960] on METTPL is 6.04
[211520 3750 214520 6750] on METTPL is 339.675e-3
[211520 3750 214520 9750] on VIATPL is 339.675e-3
[213020 3750 257820 9750] on METTP is 327.169e-3
[173820 3750 213020 9750] on METTP is 327.169e-3
[134620 3750 173820 9750] on METTP is 316.907e-3
[172320 3750 175320 9750] on VIATPL is 327.606e-3
[172320 3750 175320 6750] on METTPL is 327.606e-3
[133120 3750 136120 9750] on VIATPL is 300.863e-3
[133120 3750 136120 6750] on METTPL is 300.863e-3
[256320 3750 259320 9750] on VIATPL is 331.885e-3
[256320 3750 259320 6750] on METTPL is 331.885e-3
